03:57:44 **** Incremental Build of configuration Debug for project CODE_HE_THONG_KHOA_CUA ****
make -j16 all 
arm-none-eabi-gcc "../Core/Src/main.c" -mcpu=cortex-m4 -std=gnu11 -g3 -DDEBUG -DUSE_HAL_DRIVER -DSTM32F401xE -c -I../Core/Inc -I../Drivers/STM32F4xx_HAL_Driver/Inc -I../Drivers/STM32F4xx_HAL_Driver/Inc/Legacy -I../Drivers/CMSIS/Device/ST/STM32F4xx/Include -I../Drivers/CMSIS/Include -O0 -ffunction-sections -fdata-sections -Wall -fstack-usage -fcyclomatic-complexity -MMD -MP -MF"Core/Src/main.d" -MT"Core/Src/main.o" --specs=nano.specs -mfpu=fpv4-sp-d16 -mfloat-abi=hard -mthumb -o "Core/Src/main.o"
arm-none-eabi-gcc "../Core/Src/stm32f4xx_hal_msp.c" -mcpu=cortex-m4 -std=gnu11 -g3 -DDEBUG -DUSE_HAL_DRIVER -DSTM32F401xE -c -I../Core/Inc -I../Drivers/STM32F4xx_HAL_Driver/Inc -I../Drivers/STM32F4xx_HAL_Driver/Inc/Legacy -I../Drivers/CMSIS/Device/ST/STM32F4xx/Include -I../Drivers/CMSIS/Include -O0 -ffunction-sections -fdata-sections -Wall -fstack-usage -fcyclomatic-complexity -MMD -MP -MF"Core/Src/stm32f4xx_hal_msp.d" -MT"Core/Src/stm32f4xx_hal_msp.o" --specs=nano.specs -mfpu=fpv4-sp-d16 -mfloat-abi=hard -mthumb -o "Core/Src/stm32f4xx_hal_msp.o"
arm-none-eabi-gcc "../Core/Src/stm32f4xx_it.c" -mcpu=cortex-m4 -std=gnu11 -g3 -DDEBUG -DUSE_HAL_DRIVER -DSTM32F401xE -c -I../Core/Inc -I../Drivers/STM32F4xx_HAL_Driver/Inc -I../Drivers/STM32F4xx_HAL_Driver/Inc/Legacy -I../Drivers/CMSIS/Device/ST/STM32F4xx/Include -I../Drivers/CMSIS/Include -O0 -ffunction-sections -fdata-sections -Wall -fstack-usage -fcyclomatic-complexity -MMD -MP -MF"Core/Src/stm32f4xx_it.d" -MT"Core/Src/stm32f4xx_it.o" --specs=nano.specs -mfpu=fpv4-sp-d16 -mfloat-abi=hard -mthumb -o "Core/Src/stm32f4xx_it.o"
../Core/Src/main.c: In function 'RC522_UID_Check':
../Core/Src/main.c:100:30: warning: pointer targets in passing argument 2 of 'HAL_UART_Transmit' differ in signedness [-Wpointer-sign]
  100 |   HAL_UART_Transmit(&huart2, "\n\r", 2, 0xffff);
      |                              ^~~~~~
      |                              |
      |                              char *
In file included from ../Core/Inc/stm32f4xx_hal_conf.h:411,
                 from ../Drivers/STM32F4xx_HAL_Driver/Inc/stm32f4xx_hal.h:29,
                 from ../Core/Inc/main.h:30,
                 from ../Core/Src/main.c:23:
../Drivers/STM32F4xx_HAL_Driver/Inc/stm32f4xx_hal_uart.h:722:79: note: expected 'const uint8_t *' {aka 'const unsigned char *'} but argument is of type 'char *'
  722 | HAL_StatusTypeDef HAL_UART_Transmit(UART_HandleTypeDef *huart, const uint8_t *pData, uint16_t Size, uint32_t Timeout);
      |                                                                ~~~~~~~~~~~~~~~^~~~~
../Core/Src/main.c:102:14: warning: pointer targets in passing argument 1 of 'strcmp' differ in signedness [-Wpointer-sign]
  102 |   if (strcmp(Ar1_uc_UID_Buffer, Ar1_uc_UID_InputBuffer) == 0)
      |              ^~~~~~~~~~~~~~~~~
      |              |
      |              unsigned char *
In file included from ../Core/Src/main.c:29:
c:\st\stm32cubeide_1.11.0\stm32cubeide\plugins\com.st.stm32cube.ide.mcu.externaltools.gnu-tools-for-stm32.10.3-2021.10.win32_1.0.200.202301161003\tools\arm-none-eabi\include\string.h:36:14: note: expected 'const char *' but argument is of type 'unsigned char *'
   36 | int  strcmp (const char *, const char *);
      |              ^~~~~~~~~~~~
../Core/Src/main.c:102:33: warning: pointer targets in passing argument 2 of 'strcmp' differ in signedness [-Wpointer-sign]
  102 |   if (strcmp(Ar1_uc_UID_Buffer, Ar1_uc_UID_InputBuffer) == 0)
      |                                 ^~~~~~~~~~~~~~~~~~~~~~
      |                                 |
      |                                 unsigned char *
In file included from ../Core/Src/main.c:29:
c:\st\stm32cubeide_1.11.0\stm32cubeide\plugins\com.st.stm32cube.ide.mcu.externaltools.gnu-tools-for-stm32.10.3-2021.10.win32_1.0.200.202301161003\tools\arm-none-eabi\include\string.h:36:28: note: expected 'const char *' but argument is of type 'unsigned char *'
   36 | int  strcmp (const char *, const char *);
      |                            ^~~~~~~~~~~~
../Core/Src/main.c: In function 'main':
../Core/Src/main.c:191:21: warning: pointer targets in passing argument 1 of 'strcmp' differ in signedness [-Wpointer-sign]
  191 |           if(strcmp(input_pass, password) == 0)
      |                     ^~~~~~~~~~
      |                     |
      |                     unsigned char *
In file included from ../Core/Src/main.c:29:
c:\st\stm32cubeide_1.11.0\stm32cubeide\plugins\com.st.stm32cube.ide.mcu.externaltools.gnu-tools-for-stm32.10.3-2021.10.win32_1.0.200.202301161003\tools\arm-none-eabi\include\string.h:36:14: note: expected 'const char *' but argument is of type 'unsigned char *'
   36 | int  strcmp (const char *, const char *);
      |              ^~~~~~~~~~~~
../Core/Src/main.c:191:33: warning: pointer targets in passing argument 2 of 'strcmp' differ in signedness [-Wpointer-sign]
  191 |           if(strcmp(input_pass, password) == 0)
      |                                 ^~~~~~~~
      |                                 |
      |                                 unsigned char *
In file included from ../Core/Src/main.c:29:
c:\st\stm32cubeide_1.11.0\stm32cubeide\plugins\com.st.stm32cube.ide.mcu.externaltools.gnu-tools-for-stm32.10.3-2021.10.win32_1.0.200.202301161003\tools\arm-none-eabi\include\string.h:36:28: note: expected 'const char *' but argument is of type 'unsigned char *'
   36 | int  strcmp (const char *, const char *);
      |                            ^~~~~~~~~~~~
arm-none-eabi-gcc -o "CODE_HE_THONG_KHOA_CUA.elf" @"objects.list"   -mcpu=cortex-m4 -T"D:\Dai_Hoc\Ki_2_Nam_3\THUC_TAP_CO_SO\BAI_TAP_CUOI_KY\SOURCE_CODE\CODE_HE_THONG_KHOA_CUA\STM32F401RETX_FLASH.ld" --specs=nosys.specs -Wl,-Map="CODE_HE_THONG_KHOA_CUA.map" -Wl,--gc-sections -static --specs=nano.specs -mfpu=fpv4-sp-d16 -mfloat-abi=hard -mthumb -Wl,--start-group -lc -lm -Wl,--end-group
Finished building target: CODE_HE_THONG_KHOA_CUA.elf
 
arm-none-eabi-size   CODE_HE_THONG_KHOA_CUA.elf 
arm-none-eabi-objdump -h -S  CODE_HE_THONG_KHOA_CUA.elf  > "CODE_HE_THONG_KHOA_CUA.list"
arm-none-eabi-objcopy  -O ihex  CODE_HE_THONG_KHOA_CUA.elf  "CODE_HE_THONG_KHOA_CUA.hex"
arm-none-eabi-objcopy  -O binary  CODE_HE_THONG_KHOA_CUA.elf  "CODE_HE_THONG_KHOA_CUA.bin"
   text	   data	    bss	    dec	    hex	filename
  12828	     44	   1988	  14860	   3a0c	CODE_HE_THONG_KHOA_CUA.elf
Finished building: default.size.stdout
 
Finished building: CODE_HE_THONG_KHOA_CUA.bin
Finished building: CODE_HE_THONG_KHOA_CUA.hex
 
 
Finished building: CODE_HE_THONG_KHOA_CUA.list
 
