15:15:27 **** Incremental Build of configuration Debug for project NUCLEO-F401RE_I2C_ADDR_SCANNER ****
make -j16 all 
arm-none-eabi-gcc "../Core/Src/stm32f4xx_hal_msp.c" -mcpu=cortex-m4 -std=gnu11 -g3 -DDEBUG -DUSE_HAL_DRIVER -DSTM32F401xE -c -I../Core/Inc -I../Drivers/STM32F4xx_HAL_Driver/Inc -I../Drivers/STM32F4xx_HAL_Driver/Inc/Legacy -I../Drivers/CMSIS/Device/ST/STM32F4xx/Include -I../Drivers/CMSIS/Include -O0 -ffunction-sections -fdata-sections -Wall -fstack-usage -fcyclomatic-complexity -MMD -MP -MF"Core/Src/stm32f4xx_hal_msp.d" -MT"Core/Src/stm32f4xx_hal_msp.o" --specs=nano.specs -mfpu=fpv4-sp-d16 -mfloat-abi=hard -mthumb -o "Core/Src/stm32f4xx_hal_msp.o"
arm-none-eabi-gcc -o "NUCLEO-F401RE_I2C_ADDR_SCANNER.elf" @"objects.list"   -mcpu=cortex-m4 -T"D:\Dai_Hoc\Ki_2_Nam_3\THUC_TAP_CO_SO\BAI_TAP_CUOI_KY\SOURCE_CODE\NUCLEO-F401RE_I2C_ADDR_SCANNER\STM32F401RETX_FLASH.ld" --specs=nosys.specs -Wl,-Map="NUCLEO-F401RE_I2C_ADDR_SCANNER.map" -Wl,--gc-sections -static --specs=nano.specs -mfpu=fpv4-sp-d16 -mfloat-abi=hard -mthumb -Wl,--start-group -lc -lm -Wl,--end-group
Finished building target: NUCLEO-F401RE_I2C_ADDR_SCANNER.elf
 
arm-none-eabi-size   NUCLEO-F401RE_I2C_ADDR_SCANNER.elf 
arm-none-eabi-objdump -h -S  NUCLEO-F401RE_I2C_ADDR_SCANNER.elf  > "NUCLEO-F401RE_I2C_ADDR_SCANNER.list"
arm-none-eabi-objcopy  -O ihex  NUCLEO-F401RE_I2C_ADDR_SCANNER.elf  "NUCLEO-F401RE_I2C_ADDR_SCANNER.hex"
   text	   data	    bss	    dec	    hex	filename
  12636	    152	   1744	  14532	   38c4	NUCLEO-F401RE_I2C_ADDR_SCANNER.elf
arm-none-eabi-objcopy  -O binary  NUCLEO-F401RE_I2C_ADDR_SCANNER.elf  "NUCLEO-F401RE_I2C_ADDR_SCANNER.bin"
Finished building: default.size.stdout
 
Finished building: NUCLEO-F401RE_I2C_ADDR_SCANNER.hex
Finished building: NUCLEO-F401RE_I2C_ADDR_SCANNER.bin
 
 
Finished building: NUCLEO-F401RE_I2C_ADDR_SCANNER.list
 

15:15:28 Build Finished. 0 errors, 0 warnings. (took 1s.300ms)

