15:33:54 **** Incremental Build of configuration Debug for project NUCLEO_GPIO_Toggle_BUZZER ****
make -j16 all 
arm-none-eabi-gcc "../Src/main.c" -mcpu=cortex-m4 -std=gnu11 -g3 -DDEBUG -DNUCLEO_F401RE -DSTM32 -DSTM32F401RETx -DSTM32F4 -c -I../Inc -I"D:/Dai_Hoc/Ki_2_Nam_3/THUC_TAP_CO_SO/CubeIDE/SDK_1.0.3_NUCLEO-F401RE/SDK_1.0.3_NUCLEO-F401RE/shared/Drivers/CMSIS/Include" -I"D:/Dai_Hoc/Ki_2_Nam_3/THUC_TAP_CO_SO/CubeIDE/SDK_1.0.3_NUCLEO-F401RE/SDK_1.0.3_NUCLEO-F401RE/shared/Drivers/STM32F401RE_StdPeriph_Driver/inc" -I"D:/Dai_Hoc/Ki_2_Nam_3/THUC_TAP_CO_SO/CubeIDE/SDK_1.0.3_NUCLEO-F401RE/SDK_1.0.3_NUCLEO-F401RE/shared/Middle/button" -I"D:/Dai_Hoc/Ki_2_Nam_3/THUC_TAP_CO_SO/CubeIDE/SDK_1.0.3_NUCLEO-F401RE/SDK_1.0.3_NUCLEO-F401RE/shared/Middle/buzzer" -I"D:/Dai_Hoc/Ki_2_Nam_3/THUC_TAP_CO_SO/CubeIDE/SDK_1.0.3_NUCLEO-F401RE/SDK_1.0.3_NUCLEO-F401RE/shared/Middle/led" -I"D:/Dai_Hoc/Ki_2_Nam_3/THUC_TAP_CO_SO/CubeIDE/SDK_1.0.3_NUCLEO-F401RE/SDK_1.0.3_NUCLEO-F401RE/shared/Middle/rtos" -I"D:/Dai_Hoc/Ki_2_Nam_3/THUC_TAP_CO_SO/CubeIDE/SDK_1.0.3_NUCLEO-F401RE/SDK_1.0.3_NUCLEO-F401RE/shared/Middle/sensor" -I"D:/Dai_Hoc/Ki_2_Nam_3/THUC_TAP_CO_SO/CubeIDE/SDK_1.0.3_NUCLEO-F401RE/SDK_1.0.3_NUCLEO-F401RE/shared/Middle/serial" -I"D:/Dai_Hoc/Ki_2_Nam_3/THUC_TAP_CO_SO/CubeIDE/SDK_1.0.3_NUCLEO-F401RE/SDK_1.0.3_NUCLEO-F401RE/shared/Middle/ucglib" -I"D:/Dai_Hoc/Ki_2_Nam_3/THUC_TAP_CO_SO/CubeIDE/SDK_1.0.3_NUCLEO-F401RE/SDK_1.0.3_NUCLEO-F401RE/shared/Utilities" -O0 -ffunction-sections -fdata-sections -Wall -fstack-usage -fcyclomatic-complexity -MMD -MP -MF"Src/main.d" -MT"Src/main.o" --specs=nano.specs -mfpu=fpv4-sp-d16 -mfloat-abi=hard -mthumb -o "Src/main.o"
../Src/main.c:23:4: warning: #warning "FPU is not initialized, but the project is compiling for an FPU. Please initialize the FPU before use." [-Wcpp]
   23 |   #warning "FPU is not initialized, but the project is compiling for an FPU. Please initialize the FPU before use."
      |    ^~~~~~~
arm-none-eabi-gcc -o "NUCLEO_GPIO_Toggle_BUZZER.elf" @"objects.list"  -lLibraries -mcpu=cortex-m4 -T"D:\Dai_Hoc\Ki_2_Nam_3\THUC_TAP_CO_SO\BAI_TAP_CUOI_KY\SOURCE_CODE\NUCLEO_GPIO_Toggle_BUZZER\STM32F401RETX_FLASH.ld" --specs=nosys.specs -Wl,-Map="NUCLEO_GPIO_Toggle_BUZZER.map" -Wl,--gc-sections -static -L"D:\Dai_Hoc\Ki_2_Nam_3\THUC_TAP_CO_SO\CubeIDE\SDK_1.0.3_NUCLEO-F401RE\SDK_1.0.3_NUCLEO-F401RE\lib_stm" --specs=nano.specs -mfpu=fpv4-sp-d16 -mfloat-abi=hard -mthumb -Wl,--start-group -lc -lm -Wl,--end-group
Finished building target: NUCLEO_GPIO_Toggle_BUZZER.elf
 
arm-none-eabi-size   NUCLEO_GPIO_Toggle_BUZZER.elf 
arm-none-eabi-objdump -h -S  NUCLEO_GPIO_Toggle_BUZZER.elf  > "NUCLEO_GPIO_Toggle_BUZZER.list"
   text	   data	    bss	    dec	    hex	filename
   1388	      8	   1568	   2964	    b94	NUCLEO_GPIO_Toggle_BUZZER.elf
Finished building: default.size.stdout
 
Finished building: NUCLEO_GPIO_Toggle_BUZZER.list
 

15:33:55 Build Finished. 0 errors, 1 warnings. (took 694ms)

